******************************************************************************
                  TI ARM Linker PC v20.2.0                     
******************************************************************************
>> Linked Wed Feb 10 13:16:13 2021

OUTPUT FILE NAME:   <MiniProyecto-Hector_Klee_17118.out>
ENTRY POINT SYMBOL: "_c_int00_noargs"  address: 00000ab1


MEMORY CONFIGURATION

         name            origin    length      used     unused   attr    fill
----------------------  --------  ---------  --------  --------  ----  --------
  FLASH                 00000000   00040000  00000df8  0003f208  R  X
  SRAM                  20000000   00008000  00000208  00007df8  RW X


SEGMENT ALLOCATION MAP

run origin  load origin   length   init length attrs members
----------  ----------- ---------- ----------- ----- -------
00000000    00000000    00000df8   00000df8    r-x
  00000000    00000000    0000026c   0000026c    r-- .intvecs
  0000026c    0000026c    000009f0   000009f0    r-x .text
  00000c5c    00000c5c    0000016c   0000016c    r-- .const
  00000dc8    00000dc8    00000030   00000030    r-- .cinit
20000000    20000000    00000208   00000000    rw-
  20000000    20000000    00000200   00000000    rw- .stack
  20000200    20000200    00000006   00000000    rw- .bss
  20000206    20000206    00000002   00000000    rw- .data


SECTION ALLOCATION MAP

 output                                  attributes/
section   page    origin      length       input sections
--------  ----  ----------  ----------   ----------------
.intvecs   0    00000000    0000026c     
                  00000000    0000026c     tm4c123gh6pm_startup_ccs.obj (.intvecs)

.text      0    0000026c    000009f0     
                  0000026c    00000190     Servo.obj (.text)
                  000003fc    00000132     driverlib.lib : gpio.obj (.text:GPIOPadConfigSet)
                  0000052e    00000002     --HOLE-- [fill = 0]
                  00000530    00000110                   : sysctl.obj (.text:SysCtlClockGet)
                  00000640    000000f8     Sensor.obj (.text)
                  00000738    000000f4     driverlib.lib : sysctl.obj (.text:SysCtlClockSet)
                  0000082c    0000009c     rtsv7M4_T_le_v4SPD16_eabi.lib : memcpy_t2.asm.obj (.text)
                  000008c8    00000068     driverlib.lib : interrupt.obj (.text:IntEnable)
                  00000930    00000068     rtsv7M4_T_le_v4SPD16_eabi.lib : copy_decompress_lzss.c.obj (.text:decompress:lzss:__TI_decompress_lzss)
                  00000998    00000056     driverlib.lib : gpio.obj (.text:GPIOIntTypeSet)
                  000009ee    00000002     --HOLE-- [fill = 0]
                  000009f0    00000048                   : gpio.obj (.text:GPIOPinConfigure)
                  00000a38    00000044     rtsv7M4_T_le_v4SPD16_eabi.lib : autoinit.c.obj (.text:__TI_auto_init_nobinit_nopinit:__TI_auto_init_nobinit_nopinit)
                  00000a7c    00000034     driverlib.lib : sysctl.obj (.text:SysCtlPeripheralEnable)
                  00000ab0    00000034     rtsv7M4_T_le_v4SPD16_eabi.lib : boot_cortex_m.c.obj (.text:_c_int00_noargs:_c_int00_noargs)
                  00000ae4    0000002a     driverlib.lib : gpio.obj (.text:GPIODirModeSet)
                  00000b0e    00000022                   : pwm.obj (.text:PWMGenConfigure)
                  00000b30    0000001e                   : pwm.obj (.text:PWMPulseWidthSet)
                  00000b4e    0000001c     rtsv7M4_T_le_v4SPD16_eabi.lib : copy_zero_init.c.obj (.text:decompress:ZI:__TI_zero_init_nomemset:__TI_zero_init_nomemset)
                  00000b6a    00000018     driverlib.lib : gpio.obj (.text:GPIOPinTypeGPIOOutput)
                  00000b82    00000002     --HOLE-- [fill = 0]
                  00000b84    00000014                   : sysctl.obj (.text:SysCtlPWMClockSet)
                  00000b98    00000012                   : gpio.obj (.text:GPIOPinTypeGPIOInput)
                  00000baa    00000012                   : gpio.obj (.text:GPIOPinTypePWM)
                  00000bbc    00000012                   : pwm.obj (.text:PWMOutputState)
                  00000bce    00000010                   : interrupt.obj (.text:IntMasterEnable)
                  00000bde    00000010                   : pwm.obj (.text:PWMGenPeriodSet)
                  00000bee    00000010     main.obj (.text)
                  00000bfe    0000000e     rtsv7M4_T_le_v4SPD16_eabi.lib : copy_decompress_none.c.obj (.text:decompress:none:__TI_decompress_none)
                  00000c0c    0000000c     driverlib.lib : cpu.obj (.text:CPUcpsie)
                  00000c18    0000000c                   : gpio.obj (.text:GPIOIntEnable)
                  00000c24    0000000c                   : pwm.obj (.text:PWMGenEnable)
                  00000c30    0000000c     tm4c123gh6pm_startup_ccs.obj (.text)
                  00000c3c    00000006     driverlib.lib : gpio.obj (.text:GPIOIntClear)
                  00000c42    00000006                   : gpio.obj (.text:GPIOPinRead)
                  00000c48    00000006                   : gpio.obj (.text:GPIOPinWrite)
                  00000c4e    00000006                   : sysctl.obj (.text:SysCtlDelay)
                  00000c54    00000004     rtsv7M4_T_le_v4SPD16_eabi.lib : pre_init.c.obj (.text:_system_pre_init)
                  00000c58    00000004                                   : exit.c.obj (.text:abort:abort)

.const     0    00000c5c    0000016c     
                  00000c5c    00000090     driverlib.lib : gpio.obj (.const:g_pui32GPIOBaseAddrs)
                  00000cec    00000070                   : interrupt.obj (.const)
                  00000d5c    0000006c                   : sysctl.obj (.const:g_pui32Xtals)

.cinit     0    00000dc8    00000030     
                  00000dc8    0000000c     (__TI_handler_table)
                  00000dd4    00000004     --HOLE-- [fill = 0]
                  00000dd8    00000008     (.cinit..bss.load) [load image, compression = zero_init]
                  00000de0    00000006     (.cinit..data.load) [load image, compression = lzss]
                  00000de6    00000002     --HOLE-- [fill = 0]
                  00000de8    00000010     (__TI_cinit_table)

.init_array 
*          0    00000000    00000000     UNINITIALIZED

.bss       0    20000200    00000006     UNINITIALIZED
                  20000200    00000004     (.common:ui32Period)
                  20000204    00000001     (.common:action)
                  20000205    00000001     (.common:count)

.data      0    20000206    00000002     UNINITIALIZED
                  20000206    00000001     Sensor.obj (.data)
                  20000207    00000001     Servo.obj (.data)

.stack     0    20000000    00000200     UNINITIALIZED
                  20000000    00000004     rtsv7M4_T_le_v4SPD16_eabi.lib : boot_cortex_m.c.obj (.stack)
                  20000004    000001fc     --HOLE--

__llvm_prf_cnts 
*          0    20000000    00000000     UNINITIALIZED

MODULE SUMMARY

       Module                         code   ro data   rw data
       ------                         ----   -------   -------
    .\
       tm4c123gh6pm_startup_ccs.obj   12     620       0      
       Servo.obj                      400    0         5      
       Sensor.obj                     248    0         3      
       main.obj                       16     0         0      
    +--+------------------------------+------+---------+---------+
       Total:                         676    620       8      
                                                              
    C:/ti/TivaWare_C_Series-2.1.4.178/driverlib/ccs/Debug/driverlib.lib
       gpio.obj                       596    144       0      
       sysctl.obj                     594    108       0      
       interrupt.obj                  120    112       0      
       pwm.obj                        110    0         0      
       cpu.obj                        12     0         0      
    +--+------------------------------+------+---------+---------+
       Total:                         1432   364       0      
                                                              
    C:\ti\ccs1000\ccs\tools\compiler\ti-cgt-arm_20.2.0.LTS\lib\rtsv7M4_T_le_v4SPD16_eabi.lib
       memcpy_t2.asm.obj              156    0         0      
       copy_decompress_lzss.c.obj     104    0         0      
       autoinit.c.obj                 68     0         0      
       boot_cortex_m.c.obj            52     0         0      
       copy_zero_init.c.obj           28     0         0      
       copy_decompress_none.c.obj     14     0         0      
       exit.c.obj                     4      0         0      
       pre_init.c.obj                 4      0         0      
    +--+------------------------------+------+---------+---------+
       Total:                         430    0         0      
                                                              
       Stack:                         0      0         512    
       Linker Generated:              0      42        0      
    +--+------------------------------+------+---------+---------+
       Grand Total:                   2538   1026      520    


LINKER GENERATED COPY TABLES

__TI_cinit_table @ 00000de8 records: 2, size/record: 8, table size: 16
	.bss: load addr=00000dd8, load size=00000008 bytes, run addr=20000200, run size=00000006 bytes, compression=zero_init
	.data: load addr=00000de0, load size=00000006 bytes, run addr=20000206, run size=00000002 bytes, compression=lzss


LINKER GENERATED HANDLER TABLE

__TI_handler_table @ 00000dc8 records: 3, size/record: 4, table size: 12
	index: 0, handler: __TI_decompress_lzss
	index: 1, handler: __TI_decompress_none
	index: 2, handler: __TI_zero_init


GLOBAL SYMBOLS: SORTED ALPHABETICALLY BY Name 

address   name                          
-------   ----                          
00000c59  C$$EXIT                       
00000c0d  CPUcpsie                      
00000ae5  GPIODirModeSet                
00000c3d  GPIOIntClear                  
00000c19  GPIOIntEnable                 
00000999  GPIOIntTypeSet                
000003fd  GPIOPadConfigSet              
000009f1  GPIOPinConfigure              
00000c43  GPIOPinRead                   
00000b99  GPIOPinTypeGPIOInput          
00000b6b  GPIOPinTypeGPIOOutput         
00000bab  GPIOPinTypePWM                
00000c49  GPIOPinWrite                  
000008c9  IntEnable                     
00000bcf  IntMasterEnable               
00000b0f  PWMGenConfigure               
00000c25  PWMGenEnable                  
00000bdf  PWMGenPeriodSet               
00000bbd  PWMOutputState                
00000b31  PWMPulseWidthSet              
00000c31  ResetISR                      
00000531  SysCtlClockGet                
00000739  SysCtlClockSet                
00000c4f  SysCtlDelay                   
00000b85  SysCtlPWMClockSet             
00000a7d  SysCtlPeripheralEnable        
20000200  __STACK_END                   
00000200  __STACK_SIZE                  
20000200  __STACK_TOP                   
00000de8  __TI_CINIT_Base               
00000df8  __TI_CINIT_Limit              
00000dc8  __TI_Handler_Table_Base       
00000dd4  __TI_Handler_Table_Limit      
00000a39  __TI_auto_init_nobinit_nopinit
00000931  __TI_decompress_lzss          
00000bff  __TI_decompress_none          
ffffffff  __TI_pprof_out_hndl           
ffffffff  __TI_prof_data_size           
ffffffff  __TI_prof_data_start          
00000000  __TI_static_base__            
00000b4f  __TI_zero_init_nomemset       
0000082d  __aeabi_memcpy                
0000082d  __aeabi_memcpy4               
0000082d  __aeabi_memcpy8               
ffffffff  __binit__                     
ffffffff  __c_args__                    
UNDEFED   __mpu_init                    
20000000  __stack                       
20000000  __start___llvm_prf_cnts       
20000000  __stop___llvm_prf_cnts        
00000ab1  _c_int00_noargs               
UNDEFED   _system_post_cinit            
00000c55  _system_pre_init              
00000c59  abort                         
20000204  action                        
ffffffff  binit                         
0000067b  colors                        
20000205  count                         
00000000  g_pfnVectors                  
00000bef  main                          
0000082d  memcpy                        
0000026d  portF_int_handler             
000002f5  pwm_init                      
20000206  sens_data                     
00000641  sens_init                     
20000200  ui32Period                    
20000207  ui8Adjust                     


GLOBAL SYMBOLS: SORTED BY Symbol Address 

address   name                          
-------   ----                          
00000000  __TI_static_base__            
00000000  g_pfnVectors                  
00000200  __STACK_SIZE                  
0000026d  portF_int_handler             
000002f5  pwm_init                      
000003fd  GPIOPadConfigSet              
00000531  SysCtlClockGet                
00000641  sens_init                     
0000067b  colors                        
00000739  SysCtlClockSet                
0000082d  __aeabi_memcpy                
0000082d  __aeabi_memcpy4               
0000082d  __aeabi_memcpy8               
0000082d  memcpy                        
000008c9  IntEnable                     
00000931  __TI_decompress_lzss          
00000999  GPIOIntTypeSet                
000009f1  GPIOPinConfigure              
00000a39  __TI_auto_init_nobinit_nopinit
00000a7d  SysCtlPeripheralEnable        
00000ab1  _c_int00_noargs               
00000ae5  GPIODirModeSet                
00000b0f  PWMGenConfigure               
00000b31  PWMPulseWidthSet              
00000b4f  __TI_zero_init_nomemset       
00000b6b  GPIOPinTypeGPIOOutput         
00000b85  SysCtlPWMClockSet             
00000b99  GPIOPinTypeGPIOInput          
00000bab  GPIOPinTypePWM                
00000bbd  PWMOutputState                
00000bcf  IntMasterEnable               
00000bdf  PWMGenPeriodSet               
00000bef  main                          
00000bff  __TI_decompress_none          
00000c0d  CPUcpsie                      
00000c19  GPIOIntEnable                 
00000c25  PWMGenEnable                  
00000c31  ResetISR                      
00000c3d  GPIOIntClear                  
00000c43  GPIOPinRead                   
00000c49  GPIOPinWrite                  
00000c4f  SysCtlDelay                   
00000c55  _system_pre_init              
00000c59  C$$EXIT                       
00000c59  abort                         
00000dc8  __TI_Handler_Table_Base       
00000dd4  __TI_Handler_Table_Limit      
00000de8  __TI_CINIT_Base               
00000df8  __TI_CINIT_Limit              
20000000  __stack                       
20000000  __start___llvm_prf_cnts       
20000000  __stop___llvm_prf_cnts        
20000200  __STACK_END                   
20000200  __STACK_TOP                   
20000200  ui32Period                    
20000204  action                        
20000205  count                         
20000206  sens_data                     
20000207  ui8Adjust                     
ffffffff  __TI_pprof_out_hndl           
ffffffff  __TI_prof_data_size           
ffffffff  __TI_prof_data_start          
ffffffff  __binit__                     
ffffffff  __c_args__                    
ffffffff  binit                         
UNDEFED   __mpu_init                    
UNDEFED   _system_post_cinit            

[67 symbols]
