******************************************************************************
                  TI ARM Linker PC v20.2.0                     
******************************************************************************
>> Linked Sun Feb 14 19:10:03 2021

OUTPUT FILE NAME:   <MiniProyecto-Hector_Klee_17118.out>
ENTRY POINT SYMBOL: "_c_int00_noargs"  address: 00001281


MEMORY CONFIGURATION

         name            origin    length      used     unused   attr    fill
----------------------  --------  ---------  --------  --------  ----  --------
  FLASH                 00000000   00040000  00001644  0003e9bc  R  X
  SRAM                  20000000   00008000  000004e6  00007b1a  RW X


SEGMENT ALLOCATION MAP

run origin  load origin   length   init length attrs members
----------  ----------- ---------- ----------- ----- -------
00000000    00000000    00001648   00001648    r-x
  00000000    00000000    0000026c   0000026c    r-- .intvecs
  0000026c    0000026c    0000120c   0000120c    r-x .text
  00001478    00001478    0000019c   0000019c    r-- .const
  00001618    00001618    00000030   00000030    r-- .cinit
20000000    20000000    000004ec   00000000    rw-
  20000000    20000000    000002da   00000000    rw- .bss
  200002e0    200002e0    00000200   00000000    rw- .stack
  200004e0    200004e0    0000000c   00000000    rw- .data


SECTION ALLOCATION MAP

 output                                  attributes/
section   page    origin      length       input sections
--------  ----  ----------  ----------   ----------------
.intvecs   0    00000000    0000026c     
                  00000000    0000026c     tm4c123gh6pm_startup_ccs.obj (.intvecs)

.text      0    0000026c    0000120c     
                  0000026c    000004dc     uartstdio.obj (.text)
                  00000748    000001c4     Servo.obj (.text)
                  0000090c    00000138     Sensor.obj (.text)
                  00000a44    00000134     delay_timer.obj (.text)
                  00000b78    00000132     driverlib.lib : gpio.obj (.text:GPIOPadConfigSet)
                  00000caa    00000002     rtsv7M4_T_le_v4SPD16_eabi.lib : div0.asm.obj (.text)
                  00000cac    00000110     driverlib.lib : sysctl.obj (.text:SysCtlClockGet)
                  00000dbc    000000f4                   : sysctl.obj (.text:SysCtlClockSet)
                  00000eb0    000000bc     UART.obj (.text)
                  00000f6c    0000009c     rtsv7M4_T_le_v4SPD16_eabi.lib : memcpy_t2.asm.obj (.text)
                  00001008    00000068     driverlib.lib : interrupt.obj (.text:IntEnable)
                  00001070    00000068     rtsv7M4_T_le_v4SPD16_eabi.lib : copy_decompress_lzss.c.obj (.text:decompress:lzss:__TI_decompress_lzss)
                  000010d8    00000060     driverlib.lib : timer.obj (.text:TimerConfigure)
                  00001138    00000048                   : gpio.obj (.text:GPIOPinConfigure)
                  00001180    00000046                   : uart.obj (.text:UARTConfigSetExpClk)
                  000011c6    00000002     --HOLE-- [fill = 0]
                  000011c8    00000044     rtsv7M4_T_le_v4SPD16_eabi.lib : autoinit.c.obj (.text:__TI_auto_init_nobinit_nopinit:__TI_auto_init_nobinit_nopinit)
                  0000120c    00000040                                   : u_divt2.asm.obj (.text)
                  0000124c    00000034     driverlib.lib : sysctl.obj (.text:SysCtlPeripheralEnable)
                  00001280    00000034     rtsv7M4_T_le_v4SPD16_eabi.lib : boot_cortex_m.c.obj (.text:_c_int00_noargs:_c_int00_noargs)
                  000012b4    0000002a     driverlib.lib : gpio.obj (.text:GPIODirModeSet)
                  000012de    00000002     --HOLE-- [fill = 0]
                  000012e0    00000020                   : uart.obj (.text:UARTDisable)
                  00001300    0000001e     main.obj (.text)
                  0000131e    0000001c     rtsv7M4_T_le_v4SPD16_eabi.lib : copy_zero_init.c.obj (.text:decompress:ZI:__TI_zero_init_nomemset:__TI_zero_init_nomemset)
                  0000133a    00000018     driverlib.lib : gpio.obj (.text:GPIOPinTypeGPIOOutput)
                  00001352    00000014                   : uart.obj (.text:UARTEnable)
                  00001366    00000012                   : gpio.obj (.text:GPIOPinTypeGPIOInput)
                  00001378    00000012                   : gpio.obj (.text:GPIOPinTypeTimer)
                  0000138a    00000012                   : gpio.obj (.text:GPIOPinTypeUART)
                  0000139c    00000012                   : timer.obj (.text:TimerLoadSet)
                  000013ae    00000012                   : timer.obj (.text:TimerMatchSet)
                  000013c0    00000010                   : interrupt.obj (.text:IntMasterEnable)
                  000013d0    0000000e                   : timer.obj (.text:TimerEnable)
                  000013de    0000000e                   : uart.obj (.text:UARTCharGetNonBlocking)
                  000013ec    0000000e                   : uart.obj (.text:UARTCharPutNonBlocking)
                  000013fa    0000000e                   : uart.obj (.text:UARTCharsAvail)
                  00001408    0000000e     rtsv7M4_T_le_v4SPD16_eabi.lib : copy_decompress_none.c.obj (.text:decompress:none:__TI_decompress_none)
                  00001416    0000000c     driverlib.lib : cpu.obj (.text:CPUcpsie)
                  00001422    0000000c     tm4c123gh6pm_startup_ccs.obj (.text)
                  0000142e    0000000a     driverlib.lib : uart.obj (.text:UARTCharGet)
                  00001438    0000000a                   : uart.obj (.text:UARTCharPut)
                  00001442    0000000a                   : uart.obj (.text:UARTIntStatus)
                  0000144c    00000008                   : uart.obj (.text:UARTIntEnable)
                  00001454    00000006                   : gpio.obj (.text:GPIOIntClear)
                  0000145a    00000006                   : gpio.obj (.text:GPIOPinRead)
                  00001460    00000006                   : gpio.obj (.text:GPIOPinWrite)
                  00001466    00000006                   : sysctl.obj (.text:SysCtlDelay)
                  0000146c    00000004                   : uart.obj (.text:UARTIntClear)
                  00001470    00000004     rtsv7M4_T_le_v4SPD16_eabi.lib : pre_init.c.obj (.text:_system_pre_init)
                  00001474    00000004                                   : exit.c.obj (.text:abort:abort)

.const     0    00001478    0000019c     
                  00001478    00000090     driverlib.lib : gpio.obj (.const:g_pui32GPIOBaseAddrs)
                  00001508    00000070                   : interrupt.obj (.const)
                  00001578    0000006c                   : sysctl.obj (.const:g_pui32Xtals)
                  000015e4    00000012     uartstdio.obj (.const:.string)
                  000015f6    00000002     --HOLE-- [fill = 0]
                  000015f8    0000000c     uartstdio.obj (.const:g_ui32UARTBase)
                  00001604    0000000c     uartstdio.obj (.const:g_ui32UARTPeriph)
                  00001610    00000004     uartstdio.obj (.const)

.cinit     0    00001618    00000030     
                  00001618    0000000c     (__TI_handler_table)
                  00001624    0000000b     (.cinit..data.load) [load image, compression = lzss]
                  0000162f    00000001     --HOLE-- [fill = 0]
                  00001630    00000008     (.cinit..bss.load) [load image, compression = zero_init]
                  00001638    00000010     (__TI_cinit_table)

.init_array 
*          0    00000000    00000000     UNINITIALIZED

.bss       0    20000000    000002da     UNINITIALIZED
                  20000000    000002d4     (.common:servo_lut)
                  200002d4    00000004     (.common:ui8Adjust)
                  200002d8    00000001     (.common:action)
                  200002d9    00000001     (.common:count)

.data      0    200004e0    0000000c     UNINITIALIZED
                  200004e0    00000005     uartstdio.obj (.data)
                  200004e5    00000001     Sensor.obj (.data)
                  200004e6    00000002     --HOLE--
                  200004e8    00000004     delay_timer.obj (.data)

.stack     0    200002e0    00000200     UNINITIALIZED
                  200002e0    00000004     rtsv7M4_T_le_v4SPD16_eabi.lib : boot_cortex_m.c.obj (.stack)
                  200002e4    000001fc     --HOLE--

__llvm_prf_cnts 
*          0    20000000    00000000     UNINITIALIZED

MODULE SUMMARY

       Module                         code   ro data   rw data
       ------                         ----   -------   -------
    .\
       Servo.obj                      452    0         728    
       tm4c123gh6pm_startup_ccs.obj   12     620       0      
       Sensor.obj                     312    0         3      
       delay_timer.obj                308    0         4      
       UART.obj                       188    0         0      
       main.obj                       30     0         0      
    +--+------------------------------+------+---------+---------+
       Total:                         1302   620       735    
                                                              
    .\uartStdio\
       uartstdio.obj                  1244   46        5      
    +--+------------------------------+------+---------+---------+
       Total:                         1244   46        5      
                                                              
    C:/ti/TivaWare_C_Series-2.1.4.178/driverlib/ccs/Debug/driverlib.lib
       sysctl.obj                     574    108       0      
       gpio.obj                       516    144       0      
       interrupt.obj                  120    112       0      
       uart.obj                       206    0         0      
       timer.obj                      146    0         0      
       cpu.obj                        12     0         0      
    +--+------------------------------+------+---------+---------+
       Total:                         1574   364       0      
                                                              
    C:\ti\ccs1000\ccs\tools\compiler\ti-cgt-arm_20.2.0.LTS\lib\rtsv7M4_T_le_v4SPD16_eabi.lib
       memcpy_t2.asm.obj              156    0         0      
       copy_decompress_lzss.c.obj     104    0         0      
       autoinit.c.obj                 68     0         0      
       u_divt2.asm.obj                64     0         0      
       boot_cortex_m.c.obj            52     0         0      
       copy_zero_init.c.obj           28     0         0      
       copy_decompress_none.c.obj     14     0         0      
       exit.c.obj                     4      0         0      
       pre_init.c.obj                 4      0         0      
       div0.asm.obj                   2      0         0      
    +--+------------------------------+------+---------+---------+
       Total:                         496    0         0      
                                                              
       Stack:                         0      0         512    
       Linker Generated:              0      47        0      
    +--+------------------------------+------+---------+---------+
       Grand Total:                   4616   1077      1252   


LINKER GENERATED COPY TABLES

__TI_cinit_table @ 00001638 records: 2, size/record: 8, table size: 16
	.data: load addr=00001624, load size=0000000b bytes, run addr=200004e0, run size=0000000c bytes, compression=lzss
	.bss: load addr=00001630, load size=00000008 bytes, run addr=20000000, run size=000002da bytes, compression=zero_init


LINKER GENERATED HANDLER TABLE

__TI_handler_table @ 00001618 records: 3, size/record: 4, table size: 12
	index: 0, handler: __TI_decompress_lzss
	index: 1, handler: __TI_decompress_none
	index: 2, handler: __TI_zero_init


GLOBAL SYMBOLS: SORTED ALPHABETICALLY BY Name 

address   name                          
-------   ----                          
00001475  C$$EXIT                       
00001417  CPUcpsie                      
0000079d  ConfigureServo                
000012b5  GPIODirModeSet                
00001455  GPIOIntClear                  
00000b79  GPIOPadConfigSet              
00001139  GPIOPinConfigure              
0000145b  GPIOPinRead                   
00001367  GPIOPinTypeGPIOInput          
0000133b  GPIOPinTypeGPIOOutput         
00001379  GPIOPinTypeTimer              
0000138b  GPIOPinTypeUART               
00001461  GPIOPinWrite                  
00000749  InitServo                     
00001009  IntEnable                     
000013c1  IntMasterEnable               
00001423  ResetISR                      
000007ed  SetServoAngle                 
000007db  SetServoPosition              
00000cad  SysCtlClockGet                
00000dbd  SysCtlClockSet                
00001467  SysCtlDelay                   
0000124d  SysCtlPeripheralEnable        
000010d9  TimerConfigure                
000013d1  TimerEnable                   
0000139d  TimerLoadSet                  
000013af  TimerMatchSet                 
0000142f  UARTCharGet                   
000013df  UARTCharGetNonBlocking        
00001439  UARTCharPut                   
000013ed  UARTCharPutNonBlocking        
000013fb  UARTCharsAvail                
00001181  UARTConfigSetExpClk           
000012e1  UARTDisable                   
00001353  UARTEnable                    
0000146d  UARTIntClear                  
0000144d  UARTIntEnable                 
00001443  UARTIntStatus                 
0000026d  UARTStdioConfig               
000003e5  UARTgetc                      
0000031f  UARTgets                      
00000713  UARTprintf                    
00000419  UARTvprintf                   
000002cd  UARTwrite                     
200004e0  __STACK_END                   
00000200  __STACK_SIZE                  
200004e0  __STACK_TOP                   
00001638  __TI_CINIT_Base               
00001648  __TI_CINIT_Limit              
00001618  __TI_Handler_Table_Base       
00001624  __TI_Handler_Table_Limit      
000011c9  __TI_auto_init_nobinit_nopinit
00001071  __TI_decompress_lzss          
00001409  __TI_decompress_none          
ffffffff  __TI_pprof_out_hndl           
ffffffff  __TI_prof_data_size           
ffffffff  __TI_prof_data_start          
00000000  __TI_static_base__            
0000131f  __TI_zero_init_nomemset       
00000cab  __aeabi_idiv0                 
00000cab  __aeabi_ldiv0                 
00000f6d  __aeabi_memcpy                
00000f6d  __aeabi_memcpy4               
00000f6d  __aeabi_memcpy8               
0000120d  __aeabi_uidiv                 
0000120d  __aeabi_uidivmod              
ffffffff  __binit__                     
ffffffff  __c_args__                    
UNDEFED   __mpu_init                    
200002e0  __stack                       
20000000  __start___llvm_prf_cnts       
20000000  __stop___llvm_prf_cnts        
00001281  _c_int00_noargs               
UNDEFED   _system_post_cinit            
00001471  _system_pre_init              
00001475  abort                         
200002d8  action                        
0000088f  angle_get                     
ffffffff  binit                         
0000093f  colors                        
200002d9  count                         
00000b11  delay                         
00000ae5  delayMicroseconds             
00000000  g_pfnVectors                  
00001301  main                          
00000f6d  memcpy                        
00000ac7  micros                        
00000adf  millis                        
000007ff  portF_int_handler             
0000085b  pwm_init                      
200004e5  sens_data                     
0000090d  sens_init                     
20000000  servo_lut                     
00000b39  timer5_int_handler            
00000a45  timerInit                     
00000eb1  uart_init                     
00000f19  uart_int_handler              
200002d4  ui8Adjust                     


GLOBAL SYMBOLS: SORTED BY Symbol Address 

address   name                          
-------   ----                          
00000000  __TI_static_base__            
00000000  g_pfnVectors                  
00000200  __STACK_SIZE                  
0000026d  UARTStdioConfig               
000002cd  UARTwrite                     
0000031f  UARTgets                      
000003e5  UARTgetc                      
00000419  UARTvprintf                   
00000713  UARTprintf                    
00000749  InitServo                     
0000079d  ConfigureServo                
000007db  SetServoPosition              
000007ed  SetServoAngle                 
000007ff  portF_int_handler             
0000085b  pwm_init                      
0000088f  angle_get                     
0000090d  sens_init                     
0000093f  colors                        
00000a45  timerInit                     
00000ac7  micros                        
00000adf  millis                        
00000ae5  delayMicroseconds             
00000b11  delay                         
00000b39  timer5_int_handler            
00000b79  GPIOPadConfigSet              
00000cab  __aeabi_idiv0                 
00000cab  __aeabi_ldiv0                 
00000cad  SysCtlClockGet                
00000dbd  SysCtlClockSet                
00000eb1  uart_init                     
00000f19  uart_int_handler              
00000f6d  __aeabi_memcpy                
00000f6d  __aeabi_memcpy4               
00000f6d  __aeabi_memcpy8               
00000f6d  memcpy                        
00001009  IntEnable                     
00001071  __TI_decompress_lzss          
000010d9  TimerConfigure                
00001139  GPIOPinConfigure              
00001181  UARTConfigSetExpClk           
000011c9  __TI_auto_init_nobinit_nopinit
0000120d  __aeabi_uidiv                 
0000120d  __aeabi_uidivmod              
0000124d  SysCtlPeripheralEnable        
00001281  _c_int00_noargs               
000012b5  GPIODirModeSet                
000012e1  UARTDisable                   
00001301  main                          
0000131f  __TI_zero_init_nomemset       
0000133b  GPIOPinTypeGPIOOutput         
00001353  UARTEnable                    
00001367  GPIOPinTypeGPIOInput          
00001379  GPIOPinTypeTimer              
0000138b  GPIOPinTypeUART               
0000139d  TimerLoadSet                  
000013af  TimerMatchSet                 
000013c1  IntMasterEnable               
000013d1  TimerEnable                   
000013df  UARTCharGetNonBlocking        
000013ed  UARTCharPutNonBlocking        
000013fb  UARTCharsAvail                
00001409  __TI_decompress_none          
00001417  CPUcpsie                      
00001423  ResetISR                      
0000142f  UARTCharGet                   
00001439  UARTCharPut                   
00001443  UARTIntStatus                 
0000144d  UARTIntEnable                 
00001455  GPIOIntClear                  
0000145b  GPIOPinRead                   
00001461  GPIOPinWrite                  
00001467  SysCtlDelay                   
0000146d  UARTIntClear                  
00001471  _system_pre_init              
00001475  C$$EXIT                       
00001475  abort                         
00001618  __TI_Handler_Table_Base       
00001624  __TI_Handler_Table_Limit      
00001638  __TI_CINIT_Base               
00001648  __TI_CINIT_Limit              
20000000  __start___llvm_prf_cnts       
20000000  __stop___llvm_prf_cnts        
20000000  servo_lut                     
200002d4  ui8Adjust                     
200002d8  action                        
200002d9  count                         
200002e0  __stack                       
200004e0  __STACK_END                   
200004e0  __STACK_TOP                   
200004e5  sens_data                     
ffffffff  __TI_pprof_out_hndl           
ffffffff  __TI_prof_data_size           
ffffffff  __TI_prof_data_start          
ffffffff  __binit__                     
ffffffff  __c_args__                    
ffffffff  binit                         
UNDEFED   __mpu_init                    
UNDEFED   _system_post_cinit            

[98 symbols]
