******************************************************************************
                  TI ARM Linker PC v20.2.0                     
******************************************************************************
>> Linked Wed Feb 10 07:38:59 2021

OUTPUT FILE NAME:   <MiniProyecto-Hector_Klee_17118.out>
ENTRY POINT SYMBOL: "_c_int00_noargs"  address: 00000a85


MEMORY CONFIGURATION

         name            origin    length      used     unused   attr    fill
----------------------  --------  ---------  --------  --------  ----  --------
  FLASH                 00000000   00040000  00000dbc  0003f244  R  X
  SRAM                  20000000   00008000  00000208  00007df8  RW X


SEGMENT ALLOCATION MAP

run origin  load origin   length   init length attrs members
----------  ----------- ---------- ----------- ----- -------
00000000    00000000    00000dc0   00000dc0    r-x
  00000000    00000000    0000026c   0000026c    r-- .intvecs
  0000026c    0000026c    000009b4   000009b4    r-x .text
  00000c20    00000c20    0000016c   0000016c    r-- .const
  00000d90    00000d90    00000030   00000030    r-- .cinit
20000000    20000000    00000208   00000000    rw-
  20000000    20000000    00000200   00000000    rw- .stack
  20000200    20000200    00000006   00000000    rw- .bss
  20000206    20000206    00000002   00000000    rw- .data


SECTION ALLOCATION MAP

 output                                  attributes/
section   page    origin      length       input sections
--------  ----  ----------  ----------   ----------------
.intvecs   0    00000000    0000026c     
                  00000000    0000026c     tm4c123gh6pm_startup_ccs.obj (.intvecs)

.text      0    0000026c    000009b4     
                  0000026c    0000025c     main.obj (.text)
                  000004c8    00000132     driverlib.lib : gpio.obj (.text:GPIOPadConfigSet)
                  000005fa    00000002     --HOLE-- [fill = 0]
                  000005fc    00000110                   : sysctl.obj (.text:SysCtlClockGet)
                  0000070c    000000f4                   : sysctl.obj (.text:SysCtlClockSet)
                  00000800    0000009c     rtsv7M4_T_le_v4SPD16_eabi.lib : memcpy_t2.asm.obj (.text)
                  0000089c    00000068     driverlib.lib : interrupt.obj (.text:IntEnable)
                  00000904    00000068     rtsv7M4_T_le_v4SPD16_eabi.lib : copy_decompress_lzss.c.obj (.text:decompress:lzss:__TI_decompress_lzss)
                  0000096c    00000056     driverlib.lib : gpio.obj (.text:GPIOIntTypeSet)
                  000009c2    00000002     --HOLE-- [fill = 0]
                  000009c4    00000048                   : gpio.obj (.text:GPIOPinConfigure)
                  00000a0c    00000044     rtsv7M4_T_le_v4SPD16_eabi.lib : autoinit.c.obj (.text:__TI_auto_init_nobinit_nopinit:__TI_auto_init_nobinit_nopinit)
                  00000a50    00000034     driverlib.lib : sysctl.obj (.text:SysCtlPeripheralEnable)
                  00000a84    00000034     rtsv7M4_T_le_v4SPD16_eabi.lib : boot_cortex_m.c.obj (.text:_c_int00_noargs:_c_int00_noargs)
                  00000ab8    0000002a     driverlib.lib : gpio.obj (.text:GPIODirModeSet)
                  00000ae2    00000022                   : pwm.obj (.text:PWMGenConfigure)
                  00000b04    0000001e                   : pwm.obj (.text:PWMPulseWidthSet)
                  00000b22    0000001c     rtsv7M4_T_le_v4SPD16_eabi.lib : copy_zero_init.c.obj (.text:decompress:ZI:__TI_zero_init_nomemset:__TI_zero_init_nomemset)
                  00000b3e    00000018     driverlib.lib : gpio.obj (.text:GPIOPinTypeGPIOOutput)
                  00000b56    00000002     --HOLE-- [fill = 0]
                  00000b58    00000014                   : sysctl.obj (.text:SysCtlPWMClockSet)
                  00000b6c    00000012                   : gpio.obj (.text:GPIOPinTypeGPIOInput)
                  00000b7e    00000012                   : gpio.obj (.text:GPIOPinTypePWM)
                  00000b90    00000012                   : pwm.obj (.text:PWMOutputState)
                  00000ba2    00000010                   : interrupt.obj (.text:IntMasterEnable)
                  00000bb2    00000010                   : pwm.obj (.text:PWMGenPeriodSet)
                  00000bc2    0000000e     rtsv7M4_T_le_v4SPD16_eabi.lib : copy_decompress_none.c.obj (.text:decompress:none:__TI_decompress_none)
                  00000bd0    0000000c     driverlib.lib : cpu.obj (.text:CPUcpsie)
                  00000bdc    0000000c                   : gpio.obj (.text:GPIOIntEnable)
                  00000be8    0000000c                   : pwm.obj (.text:PWMGenEnable)
                  00000bf4    0000000c     tm4c123gh6pm_startup_ccs.obj (.text)
                  00000c00    00000006     driverlib.lib : gpio.obj (.text:GPIOIntClear)
                  00000c06    00000006                   : gpio.obj (.text:GPIOPinRead)
                  00000c0c    00000006                   : gpio.obj (.text:GPIOPinWrite)
                  00000c12    00000006                   : sysctl.obj (.text:SysCtlDelay)
                  00000c18    00000004     rtsv7M4_T_le_v4SPD16_eabi.lib : pre_init.c.obj (.text:_system_pre_init)
                  00000c1c    00000004                                   : exit.c.obj (.text:abort:abort)

.const     0    00000c20    0000016c     
                  00000c20    00000090     driverlib.lib : gpio.obj (.const:g_pui32GPIOBaseAddrs)
                  00000cb0    00000070                   : interrupt.obj (.const)
                  00000d20    0000006c                   : sysctl.obj (.const:g_pui32Xtals)

.cinit     0    00000d90    00000030     
                  00000d90    0000000c     (__TI_handler_table)
                  00000d9c    00000004     --HOLE-- [fill = 0]
                  00000da0    00000008     (.cinit..bss.load) [load image, compression = zero_init]
                  00000da8    00000006     (.cinit..data.load) [load image, compression = lzss]
                  00000dae    00000002     --HOLE-- [fill = 0]
                  00000db0    00000010     (__TI_cinit_table)

.init_array 
*          0    00000000    00000000     UNINITIALIZED

.bss       0    20000200    00000006     UNINITIALIZED
                  20000200    00000004     (.common:ui32Period)
                  20000204    00000001     (.common:action)
                  20000205    00000001     (.common:count)

.data      0    20000206    00000002     UNINITIALIZED
                  20000206    00000002     main.obj (.data)

.stack     0    20000000    00000200     UNINITIALIZED
                  20000000    00000004     rtsv7M4_T_le_v4SPD16_eabi.lib : boot_cortex_m.c.obj (.stack)
                  20000004    000001fc     --HOLE--

__llvm_prf_cnts 
*          0    20000000    00000000     UNINITIALIZED

MODULE SUMMARY

       Module                         code   ro data   rw data
       ------                         ----   -------   -------
    .\
       tm4c123gh6pm_startup_ccs.obj   12     620       0      
       main.obj                       604    0         8      
    +--+------------------------------+------+---------+---------+
       Total:                         616    620       8      
                                                              
    C:/ti/TivaWare_C_Series-2.1.4.178/driverlib/ccs/Debug/driverlib.lib
       gpio.obj                       596    144       0      
       sysctl.obj                     594    108       0      
       interrupt.obj                  120    112       0      
       pwm.obj                        110    0         0      
       cpu.obj                        12     0         0      
    +--+------------------------------+------+---------+---------+
       Total:                         1432   364       0      
                                                              
    C:\ti\ccs1000\ccs\tools\compiler\ti-cgt-arm_20.2.0.LTS\lib\rtsv7M4_T_le_v4SPD16_eabi.lib
       memcpy_t2.asm.obj              156    0         0      
       copy_decompress_lzss.c.obj     104    0         0      
       autoinit.c.obj                 68     0         0      
       boot_cortex_m.c.obj            52     0         0      
       copy_zero_init.c.obj           28     0         0      
       copy_decompress_none.c.obj     14     0         0      
       exit.c.obj                     4      0         0      
       pre_init.c.obj                 4      0         0      
    +--+------------------------------+------+---------+---------+
       Total:                         430    0         0      
                                                              
       Stack:                         0      0         512    
       Linker Generated:              0      42        0      
    +--+------------------------------+------+---------+---------+
       Grand Total:                   2478   1026      520    


LINKER GENERATED COPY TABLES

__TI_cinit_table @ 00000db0 records: 2, size/record: 8, table size: 16
	.bss: load addr=00000da0, load size=00000008 bytes, run addr=20000200, run size=00000006 bytes, compression=zero_init
	.data: load addr=00000da8, load size=00000006 bytes, run addr=20000206, run size=00000002 bytes, compression=lzss


LINKER GENERATED HANDLER TABLE

__TI_handler_table @ 00000d90 records: 3, size/record: 4, table size: 12
	index: 0, handler: __TI_decompress_lzss
	index: 1, handler: __TI_decompress_none
	index: 2, handler: __TI_zero_init


GLOBAL SYMBOLS: SORTED ALPHABETICALLY BY Name 

address   name                          
-------   ----                          
00000c1d  C$$EXIT                       
00000bd1  CPUcpsie                      
00000ab9  GPIODirModeSet                
00000c01  GPIOIntClear                  
00000bdd  GPIOIntEnable                 
0000096d  GPIOIntTypeSet                
000004c9  GPIOPadConfigSet              
000009c5  GPIOPinConfigure              
00000c07  GPIOPinRead                   
00000b6d  GPIOPinTypeGPIOInput          
00000b3f  GPIOPinTypeGPIOOutput         
00000b7f  GPIOPinTypePWM                
00000c0d  GPIOPinWrite                  
0000089d  IntEnable                     
00000ba3  IntMasterEnable               
00000ae3  PWMGenConfigure               
00000be9  PWMGenEnable                  
00000bb3  PWMGenPeriodSet               
00000b91  PWMOutputState                
00000b05  PWMPulseWidthSet              
000003f5  PortFIntHandler               
00000bf5  ResetISR                      
000005fd  SysCtlClockGet                
0000070d  SysCtlClockSet                
00000c13  SysCtlDelay                   
00000b59  SysCtlPWMClockSet             
00000a51  SysCtlPeripheralEnable        
20000200  __STACK_END                   
00000200  __STACK_SIZE                  
20000200  __STACK_TOP                   
00000db0  __TI_CINIT_Base               
00000dc0  __TI_CINIT_Limit              
00000d90  __TI_Handler_Table_Base       
00000d9c  __TI_Handler_Table_Limit      
00000a0d  __TI_auto_init_nobinit_nopinit
00000905  __TI_decompress_lzss          
00000bc3  __TI_decompress_none          
ffffffff  __TI_pprof_out_hndl           
ffffffff  __TI_prof_data_size           
ffffffff  __TI_prof_data_start          
00000000  __TI_static_base__            
00000b23  __TI_zero_init_nomemset       
00000801  __aeabi_memcpy                
00000801  __aeabi_memcpy4               
00000801  __aeabi_memcpy8               
ffffffff  __binit__                     
ffffffff  __c_args__                    
UNDEFED   __mpu_init                    
20000000  __stack                       
20000000  __start___llvm_prf_cnts       
20000000  __stop___llvm_prf_cnts        
00000a85  _c_int00_noargs               
UNDEFED   _system_post_cinit            
00000c19  _system_pre_init              
00000c1d  abort                         
20000204  action                        
ffffffff  binit                         
20000205  count                         
00000000  g_pfnVectors                  
0000026d  main                          
00000801  memcpy                        
20000207  sens_data                     
20000200  ui32Period                    
20000206  ui8Adjust                     


GLOBAL SYMBOLS: SORTED BY Symbol Address 

address   name                          
-------   ----                          
00000000  __TI_static_base__            
00000000  g_pfnVectors                  
00000200  __STACK_SIZE                  
0000026d  main                          
000003f5  PortFIntHandler               
000004c9  GPIOPadConfigSet              
000005fd  SysCtlClockGet                
0000070d  SysCtlClockSet                
00000801  __aeabi_memcpy                
00000801  __aeabi_memcpy4               
00000801  __aeabi_memcpy8               
00000801  memcpy                        
0000089d  IntEnable                     
00000905  __TI_decompress_lzss          
0000096d  GPIOIntTypeSet                
000009c5  GPIOPinConfigure              
00000a0d  __TI_auto_init_nobinit_nopinit
00000a51  SysCtlPeripheralEnable        
00000a85  _c_int00_noargs               
00000ab9  GPIODirModeSet                
00000ae3  PWMGenConfigure               
00000b05  PWMPulseWidthSet              
00000b23  __TI_zero_init_nomemset       
00000b3f  GPIOPinTypeGPIOOutput         
00000b59  SysCtlPWMClockSet             
00000b6d  GPIOPinTypeGPIOInput          
00000b7f  GPIOPinTypePWM                
00000b91  PWMOutputState                
00000ba3  IntMasterEnable               
00000bb3  PWMGenPeriodSet               
00000bc3  __TI_decompress_none          
00000bd1  CPUcpsie                      
00000bdd  GPIOIntEnable                 
00000be9  PWMGenEnable                  
00000bf5  ResetISR                      
00000c01  GPIOIntClear                  
00000c07  GPIOPinRead                   
00000c0d  GPIOPinWrite                  
00000c13  SysCtlDelay                   
00000c19  _system_pre_init              
00000c1d  C$$EXIT                       
00000c1d  abort                         
00000d90  __TI_Handler_Table_Base       
00000d9c  __TI_Handler_Table_Limit      
00000db0  __TI_CINIT_Base               
00000dc0  __TI_CINIT_Limit              
20000000  __stack                       
20000000  __start___llvm_prf_cnts       
20000000  __stop___llvm_prf_cnts        
20000200  __STACK_END                   
20000200  __STACK_TOP                   
20000200  ui32Period                    
20000204  action                        
20000205  count                         
20000206  ui8Adjust                     
20000207  sens_data                     
ffffffff  __TI_pprof_out_hndl           
ffffffff  __TI_prof_data_size           
ffffffff  __TI_prof_data_start          
ffffffff  __binit__                     
ffffffff  __c_args__                    
ffffffff  binit                         
UNDEFED   __mpu_init                    
UNDEFED   _system_post_cinit            

[64 symbols]
