******************************************************************************
                  TI ARM Linker PC v20.2.0                     
******************************************************************************
>> Linked Wed Feb 10 17:25:13 2021

OUTPUT FILE NAME:   <SERIAL.out>
ENTRY POINT SYMBOL: "_c_int00_noargs"  address: 00000621


MEMORY CONFIGURATION

         name            origin    length      used     unused   attr    fill
----------------------  --------  ---------  --------  --------  ----  --------
  FLASH                 00000000   00040000  000006ec  0003f914  R  X
  SRAM                  20000000   00008000  00000204  00007dfc  RW X


SEGMENT ALLOCATION MAP

run origin  load origin   length   init length attrs members
----------  ----------- ---------- ----------- ----- -------
00000000    00000000    000006ec   000006ec    r-x
  00000000    00000000    0000026c   0000026c    r-- .intvecs
  0000026c    0000026c    0000046c   0000046c    r-x .text
  000006d8    000006d8    00000014   00000014    r-- .cinit
20000000    20000000    00000204   00000000    rw-
  20000000    20000000    00000200   00000000    rw- .stack
  20000200    20000200    00000004   00000000    rw- .bss


SECTION ALLOCATION MAP

 output                                  attributes/
section   page    origin      length       input sections
--------  ----  ----------  ----------   ----------------
.intvecs   0    00000000    0000026c     
                  00000000    0000026c     tm4c123gh6pm_startup_ccs.obj (.intvecs)

.text      0    0000026c    0000046c     
                  0000026c    00000208     main.obj (.text)
                  00000474    00000132     driverlib.lib : gpio.obj (.text:GPIOPadConfigSet)
                  000005a6    00000002     --HOLE-- [fill = 0]
                  000005a8    00000044     rtsv7M4_T_le_v4SPD16_eabi.lib : autoinit.c.obj (.text:__TI_auto_init_nobinit_nopinit:__TI_auto_init_nobinit_nopinit)
                  000005ec    00000034     driverlib.lib : sysctl.obj (.text:SysCtlPeripheralEnable)
                  00000620    00000034     rtsv7M4_T_le_v4SPD16_eabi.lib : boot_cortex_m.c.obj (.text:_c_int00_noargs:_c_int00_noargs)
                  00000654    0000002a     driverlib.lib : gpio.obj (.text:GPIODirModeSet)
                  0000067e    0000001c     rtsv7M4_T_le_v4SPD16_eabi.lib : copy_zero_init.c.obj (.text:decompress:ZI:__TI_zero_init_nomemset:__TI_zero_init_nomemset)
                  0000069a    00000018     driverlib.lib : gpio.obj (.text:GPIOPinTypeGPIOOutput)
                  000006b2    00000012                   : gpio.obj (.text:GPIOPinTypeGPIOInput)
                  000006c4    0000000c     tm4c123gh6pm_startup_ccs.obj (.text)
                  000006d0    00000004     rtsv7M4_T_le_v4SPD16_eabi.lib : pre_init.c.obj (.text:_system_pre_init)
                  000006d4    00000004                                   : exit.c.obj (.text:abort:abort)

.cinit     0    000006d8    00000014     
                  000006d8    00000008     (.cinit..bss.load) [load image, compression = zero_init]
                  000006e0    00000004     (__TI_handler_table)
                  000006e4    00000008     (__TI_cinit_table)

.init_array 
*          0    00000000    00000000     UNINITIALIZED

.bss       0    20000200    00000004     UNINITIALIZED
                  20000200    00000004     (.common:ui32Period)

.stack     0    20000000    00000200     UNINITIALIZED
                  20000000    00000004     rtsv7M4_T_le_v4SPD16_eabi.lib : boot_cortex_m.c.obj (.stack)
                  20000004    000001fc     --HOLE--

__llvm_prf_cnts 
*          0    20000000    00000000     UNINITIALIZED

MODULE SUMMARY

       Module                         code   ro data   rw data
       ------                         ----   -------   -------
    .\
       tm4c123gh6pm_startup_ccs.obj   12     620       0      
       main.obj                       520    0         4      
    +--+------------------------------+------+---------+---------+
       Total:                         532    620       4      
                                                              
    C:/ti/TivaWare_C_Series-2.1.4.178/driverlib/ccs/Debug/driverlib.lib
       gpio.obj                       390    0         0      
       sysctl.obj                     52     0         0      
    +--+------------------------------+------+---------+---------+
       Total:                         442    0         0      
                                                              
    C:\ti\ccs1000\ccs\tools\compiler\ti-cgt-arm_20.2.0.LTS\lib\rtsv7M4_T_le_v4SPD16_eabi.lib
       autoinit.c.obj                 68     0         0      
       boot_cortex_m.c.obj            52     0         0      
       copy_zero_init.c.obj           28     0         0      
       exit.c.obj                     4      0         0      
       pre_init.c.obj                 4      0         0      
    +--+------------------------------+------+---------+---------+
       Total:                         156    0         0      
                                                              
       Stack:                         0      0         512    
       Linker Generated:              0      20        0      
    +--+------------------------------+------+---------+---------+
       Grand Total:                   1130   640       516    


LINKER GENERATED COPY TABLES

__TI_cinit_table @ 000006e4 records: 1, size/record: 8, table size: 8
	.bss: load addr=000006d8, load size=00000008 bytes, run addr=20000200, run size=00000004 bytes, compression=zero_init


LINKER GENERATED HANDLER TABLE

__TI_handler_table @ 000006e0 records: 1, size/record: 4, table size: 4
	index: 0, handler: __TI_zero_init


GLOBAL SYMBOLS: SORTED ALPHABETICALLY BY Name 

address   name                          
-------   ----                          
000006d5  C$$EXIT                       
00000655  GPIODirModeSet                
00000475  GPIOPadConfigSet              
000006b3  GPIOPinTypeGPIOInput          
0000069b  GPIOPinTypeGPIOOutput         
000006c5  ResetISR                      
000005ed  SysCtlPeripheralEnable        
00000403  Timer0IntHandler              
0000039b  UARTIntHandler                
20000200  __STACK_END                   
00000200  __STACK_SIZE                  
20000200  __STACK_TOP                   
000006e4  __TI_CINIT_Base               
000006ec  __TI_CINIT_Limit              
000006e0  __TI_Handler_Table_Base       
000006e4  __TI_Handler_Table_Limit      
000005a9  __TI_auto_init_nobinit_nopinit
ffffffff  __TI_pprof_out_hndl           
ffffffff  __TI_prof_data_size           
ffffffff  __TI_prof_data_start          
00000000  __TI_static_base__            
0000067f  __TI_zero_init_nomemset       
ffffffff  __binit__                     
ffffffff  __c_args__                    
UNDEFED   __mpu_init                    
20000000  __stack                       
20000000  __start___llvm_prf_cnts       
20000000  __stop___llvm_prf_cnts        
00000621  _c_int00_noargs               
UNDEFED   _system_post_cinit            
000006d1  _system_pre_init              
000006d5  abort                         
ffffffff  binit                         
00000000  g_pfnVectors                  
0000026d  main                          
20000200  ui32Period                    


GLOBAL SYMBOLS: SORTED BY Symbol Address 

address   name                          
-------   ----                          
00000000  __TI_static_base__            
00000000  g_pfnVectors                  
00000200  __STACK_SIZE                  
0000026d  main                          
0000039b  UARTIntHandler                
00000403  Timer0IntHandler              
00000475  GPIOPadConfigSet              
000005a9  __TI_auto_init_nobinit_nopinit
000005ed  SysCtlPeripheralEnable        
00000621  _c_int00_noargs               
00000655  GPIODirModeSet                
0000067f  __TI_zero_init_nomemset       
0000069b  GPIOPinTypeGPIOOutput         
000006b3  GPIOPinTypeGPIOInput          
000006c5  ResetISR                      
000006d1  _system_pre_init              
000006d5  C$$EXIT                       
000006d5  abort                         
000006e0  __TI_Handler_Table_Base       
000006e4  __TI_CINIT_Base               
000006e4  __TI_Handler_Table_Limit      
000006ec  __TI_CINIT_Limit              
20000000  __stack                       
20000000  __start___llvm_prf_cnts       
20000000  __stop___llvm_prf_cnts        
20000200  __STACK_END                   
20000200  __STACK_TOP                   
20000200  ui32Period                    
ffffffff  __TI_pprof_out_hndl           
ffffffff  __TI_prof_data_size           
ffffffff  __TI_prof_data_start          
ffffffff  __binit__                     
ffffffff  __c_args__                    
ffffffff  binit                         
UNDEFED   __mpu_init                    
UNDEFED   _system_post_cinit            

[36 symbols]
